{
  "defaultCode" : "en_US",
  "defaultLabel" : "English (US)",
  "id" : "3dcba5b7-fa30-425a-9e69-18cfe6b65518",
  "languages" : [ {
    "countryCode" : "",
    "fallbackLanguageId" : null,
    "id" : "52a527a2-38b7-4fa8-a47e-7444c0f21e8c",
    "isActive" : true,
    "label" : "French",
    "languageCode" : "fr",
    "type" : "language"
  }, {
    "countryCode" : "",
    "fallbackLanguageId" : null,
    "id" : "6376e5c5-25b4-486c-8949-0157f7c5ed70",
    "isActive" : true,
    "label" : "Spanish",
    "languageCode" : "es",
    "type" : "language"
  }, {
    "countryCode" : "",
    "fallbackLanguageId" : null,
    "id" : "97cee3d9-d82e-4c5c-99d3-183539fe6486",
    "isActive" : true,
    "label" : "German",
    "languageCode" : "de",
    "type" : "language"
  }, {
    "countryCode" : "BR",
    "fallbackLanguageId" : null,
    "id" : "ea458084-7dc1-4de9-99f3-2c54cd3810b9",
    "isActive" : true,
    "label" : "Portuguese (Brazil) (BR)",
    "languageCode" : "pt",
    "type" : "language"
  }, {
    "countryCode" : "",
    "fallbackLanguageId" : null,
    "id" : "e1c14231-fccd-41a5-a632-73fe411e58ad",
    "isActive" : true,
    "label" : "Korean",
    "languageCode" : "ko",
    "type" : "language"
  }, {
    "countryCode" : "CN",
    "fallbackLanguageId" : null,
    "id" : "29900497-35cc-4a7b-885c-8c7db16af130",
    "isActive" : true,
    "label" : "Chinese (Simplified) (CN)",
    "languageCode" : "zh",
    "type" : "language"
  }, {
    "countryCode" : "TW",
    "fallbackLanguageId" : null,
    "id" : "1605a2d3-2d9e-4d9c-81bc-e78c1b3dd0e3",
    "isActive" : true,
    "label" : "Chinese (Traditional) (TW)",
    "languageCode" : "zh",
    "type" : "language"
  }, {
    "countryCode" : "NL",
    "fallbackLanguageId" : null,
    "id" : "b82db14e-c10a-45b4-a226-e1f7e540a72d",
    "isActive" : true,
    "label" : "Dutch (NL)",
    "languageCode" : "nl",
    "type" : "language"
  }, {
    "countryCode" : "",
    "fallbackLanguageId" : null,
    "id" : "02daf028-c0f8-4989-83e8-7a09882fe9d1",
    "isActive" : true,
    "label" : "Italian",
    "languageCode" : "it",
    "type" : "language"
  }, {
    "countryCode" : "",
    "fallbackLanguageId" : null,
    "id" : "2fbc6015-3929-469a-b689-a7556493a42d",
    "isActive" : true,
    "label" : "Romanian",
    "languageCode" : "ro",
    "type" : "language"
  }, {
    "countryCode" : "",
    "fallbackLanguageId" : null,
    "id" : "d42b27a3-e16a-4cfc-925f-a5d2649fc21f",
    "isActive" : true,
    "label" : "Hungarian",
    "languageCode" : "hu",
    "type" : "language"
  }, {
    "countryCode" : "",
    "fallbackLanguageId" : null,
    "id" : "903776be-ee4b-44dc-84b9-27395d0f5a7f",
    "isActive" : true,
    "label" : "Japanese",
    "languageCode" : "ja",
    "type" : "language"
  }, {
    "countryCode" : "",
    "fallbackLanguageId" : null,
    "id" : "dbeabe26-9702-4b18-9085-b9fd843b08a8",
    "isActive" : true,
    "label" : "Malay",
    "languageCode" : "ms",
    "type" : "language"
  }, {
    "countryCode" : "",
    "fallbackLanguageId" : null,
    "id" : "24b58026-4632-4f3d-8502-ad07db871ff6",
    "isActive" : true,
    "label" : "Russian",
    "languageCode" : "ru",
    "type" : "language"
  } ],
  "type" : "languageContainer"
}