<?xml version="1.0" encoding="UTF-8"?>
<Package xmlns="http://soap.sforce.com/2006/04/metadata">
  <types>
    <name>EmailTemplate</name>
    <members>TestFolder/ModifiedXml</members>
    <members>unfiled$public/Modified</members>
    <members>unfiled$public/New</members>
  </types>
  <version>47.0</version>
</Package>