<?xml version="1.0" encoding="UTF-8"?>
<Package xmlns="http://soap.sforce.com/2006/04/metadata">
  <types>
    <name>CustomObject</name>
    <members>Common</members>
    <members>CoreChange</members>
    <members>MDChildDifferentSharing</members>
    <members>MDChildSameSharing</members>
    <members>Unique_To_Src</members>
  </types>
  <version>47.0</version>
</Package>