<?xml version="1.0" encoding="UTF-8"?>
<Package xmlns="http://soap.sforce.com/2006/04/metadata">
  <types>
    <name>ApexClass</name>
    <members>modified</members>
    <members>modifiedXML</members>
    <members>new</members>
  </types>
  <version>47.0</version>
</Package>