<?xml version="1.0" encoding="UTF-8"?>
<Package xmlns="http://soap.sforce.com/2006/04/metadata">
  <types>
    <name>PermissionSet</name>
    <members>TestModified</members>
    <members>TestNew</members>
  </types>
  <version>47.0</version>
</Package>