<?xml version="1.0" encoding="UTF-8"?>
<Package xmlns="http://soap.sforce.com/2006/04/metadata">
  <types>
    <name>Flow</name>
    <members>Changed</members>
    <members>ChangedObsolete</members>
  </types>
  <types>
    <name>FlowDefinition</name>
    <members>ChangedObsolete</members>
  </types>
  <version>47.0</version>
</Package>