<?xml version="1.0" encoding="UTF-8"?>
<Package xmlns="http://soap.sforce.com/2006/04/metadata">
  <types>
    <name>ExperienceBundle</name>
    <members>AddedRoute</members>
    <members>ChangedRoute</members>
    <members>DeletedRoute</members>
    <members>New</members>
    <members>ChangedXml</members>
  </types>
  <version>47.0</version>
</Package>